Archive member included to satisfy reference by file (symbol)

c:/st/stm32cubeide_1.10.1/stm32cubeide/plugins/com.st.stm32cube.ide.mcu.externaltools.gnu-tools-for-stm32.10.3-2021.10.win32_1.0.0.202111181127/tools/bin/../lib/gcc/arm-none-eabi/10.3.1/../../../../arm-none-eabi/lib/thumb/v7-m/nofp\libc_nano.a(lib_a-errno.o)
                              ./Core/Src/syscalls.o (__errno)
c:/st/stm32cubeide_1.10.1/stm32cubeide/plugins/com.st.stm32cube.ide.mcu.externaltools.gnu-tools-for-stm32.10.3-2021.10.win32_1.0.0.202111181127/tools/bin/../lib/gcc/arm-none-eabi/10.3.1/../../../../arm-none-eabi/lib/thumb/v7-m/nofp\libc_nano.a(lib_a-exit.o)
                              c:/st/stm32cubeide_1.10.1/stm32cubeide/plugins/com.st.stm32cube.ide.mcu.externaltools.gnu-tools-for-stm32.10.3-2021.10.win32_1.0.0.202111181127/tools/bin/../lib/gcc/arm-none-eabi/10.3.1/../../../../arm-none-eabi/lib/thumb/v7-m/nofp/crt0.o (exit)
c:/st/stm32cubeide_1.10.1/stm32cubeide/plugins/com.st.stm32cube.ide.mcu.externaltools.gnu-tools-for-stm32.10.3-2021.10.win32_1.0.0.202111181127/tools/bin/../lib/gcc/arm-none-eabi/10.3.1/../../../../arm-none-eabi/lib/thumb/v7-m/nofp\libc_nano.a(lib_a-impure.o)
                              c:/st/stm32cubeide_1.10.1/stm32cubeide/plugins/com.st.stm32cube.ide.mcu.externaltools.gnu-tools-for-stm32.10.3-2021.10.win32_1.0.0.202111181127/tools/bin/../lib/gcc/arm-none-eabi/10.3.1/../../../../arm-none-eabi/lib/thumb/v7-m/nofp\libc_nano.a(lib_a-exit.o) (_global_impure_ptr)
c:/st/stm32cubeide_1.10.1/stm32cubeide/plugins/com.st.stm32cube.ide.mcu.externaltools.gnu-tools-for-stm32.10.3-2021.10.win32_1.0.0.202111181127/tools/bin/../lib/gcc/arm-none-eabi/10.3.1/../../../../arm-none-eabi/lib/thumb/v7-m/nofp\libc_nano.a(lib_a-init.o)
                              c:/st/stm32cubeide_1.10.1/stm32cubeide/plugins/com.st.stm32cube.ide.mcu.externaltools.gnu-tools-for-stm32.10.3-2021.10.win32_1.0.0.202111181127/tools/bin/../lib/gcc/arm-none-eabi/10.3.1/../../../../arm-none-eabi/lib/thumb/v7-m/nofp/crt0.o (__libc_init_array)
c:/st/stm32cubeide_1.10.1/stm32cubeide/plugins/com.st.stm32cube.ide.mcu.externaltools.gnu-tools-for-stm32.10.3-2021.10.win32_1.0.0.202111181127/tools/bin/../lib/gcc/arm-none-eabi/10.3.1/../../../../arm-none-eabi/lib/thumb/v7-m/nofp\libc_nano.a(lib_a-memset.o)
                              c:/st/stm32cubeide_1.10.1/stm32cubeide/plugins/com.st.stm32cube.ide.mcu.externaltools.gnu-tools-for-stm32.10.3-2021.10.win32_1.0.0.202111181127/tools/bin/../lib/gcc/arm-none-eabi/10.3.1/../../../../arm-none-eabi/lib/thumb/v7-m/nofp/crt0.o (memset)
c:/st/stm32cubeide_1.10.1/stm32cubeide/plugins/com.st.stm32cube.ide.mcu.externaltools.gnu-tools-for-stm32.10.3-2021.10.win32_1.0.0.202111181127/tools/bin/../lib/gcc/arm-none-eabi/10.3.1/../../../../arm-none-eabi/lib/thumb/v7-m/nofp\libc_nano.a(lib_a-strlen.o)
                              ./Core/Src/fonts.o (strlen)
c:/st/stm32cubeide_1.10.1/stm32cubeide/plugins/com.st.stm32cube.ide.mcu.externaltools.gnu-tools-for-stm32.10.3-2021.10.win32_1.0.0.202111181127/tools/bin/../lib/gcc/arm-none-eabi/10.3.1/thumb/v7-m/nofp\libgcc.a(_arm_mulsf3.o)
                              ./Core/Src/PID.o (__aeabi_fmul)
c:/st/stm32cubeide_1.10.1/stm32cubeide/plugins/com.st.stm32cube.ide.mcu.externaltools.gnu-tools-for-stm32.10.3-2021.10.win32_1.0.0.202111181127/tools/bin/../lib/gcc/arm-none-eabi/10.3.1/thumb/v7-m/nofp\libgcc.a(_arm_addsubsf3.o)
                              ./Core/Src/PID.o (__aeabi_fsub)
c:/st/stm32cubeide_1.10.1/stm32cubeide/plugins/com.st.stm32cube.ide.mcu.externaltools.gnu-tools-for-stm32.10.3-2021.10.win32_1.0.0.202111181127/tools/bin/../lib/gcc/arm-none-eabi/10.3.1/thumb/v7-m/nofp\libgcc.a(_arm_muldivsf3.o)
                              ./Core/Src/PID.o (__aeabi_fdiv)
c:/st/stm32cubeide_1.10.1/stm32cubeide/plugins/com.st.stm32cube.ide.mcu.externaltools.gnu-tools-for-stm32.10.3-2021.10.win32_1.0.0.202111181127/tools/bin/../lib/gcc/arm-none-eabi/10.3.1/thumb/v7-m/nofp\libgcc.a(_arm_cmpsf2.o)
                              ./Core/Src/PID.o (__aeabi_fcmplt)

Discarded input sections

 .text          0x0000000000000000        0x0 c:/st/stm32cubeide_1.10.1/stm32cubeide/plugins/com.st.stm32cube.ide.mcu.externaltools.gnu-tools-for-stm32.10.3-2021.10.win32_1.0.0.202111181127/tools/bin/../lib/gcc/arm-none-eabi/10.3.1/thumb/v7-m/nofp/crti.o
 .data          0x0000000000000000        0x0 c:/st/stm32cubeide_1.10.1/stm32cubeide/plugins/com.st.stm32cube.ide.mcu.externaltools.gnu-tools-for-stm32.10.3-2021.10.win32_1.0.0.202111181127/tools/bin/../lib/gcc/arm-none-eabi/10.3.1/thumb/v7-m/nofp/crti.o
 .bss           0x0000000000000000        0x0 c:/st/stm32cubeide_1.10.1/stm32cubeide/plugins/com.st.stm32cube.ide.mcu.externaltools.gnu-tools-for-stm32.10.3-2021.10.win32_1.0.0.202111181127/tools/bin/../lib/gcc/arm-none-eabi/10.3.1/thumb/v7-m/nofp/crti.o
[...]
Memory Configuration

Name             Origin             Length             Attributes
RAM              0x0000000020000000 0x0000000000002800 xrw
FLASH            0x0000000008000000 0x0000000000008000 xr
*default*        0x0000000000000000 0xffffffffffffffff

Linker script and memory map

LOAD c:/st/stm32cubeide_1.10.1/stm32cubeide/plugins/com.st.stm32cube.ide.mcu.externaltools.gnu-tools-for-stm32.10.3-2021.10.win32_1.0.0.202111181127/tools/bin/../lib/gcc/arm-none-eabi/10.3.1/thumb/v7-m/nofp/crti.o
LOAD c:/st/stm32cubeide_1.10.1/stm32cubeide/plugins/com.st.stm32cube.ide.mcu.externaltools.gnu-tools-for-stm32.10.3-2021.10.win32_1.0.0.202111181127/tools/bin/../lib/gcc/arm-none-eabi/10.3.1/thumb/v7-m/nofp/crtbegin.o
LOAD c:/st/stm32cubeide_1.10.1/stm32cubeide/plugins/com.st.stm32cube.ide.mcu.externaltools.gnu-tools-for-stm32.10.3-2021.10.win32_1.0.0.202111181127/tools/bin/../lib/gcc/arm-none-eabi/10.3.1/../../../../arm-none-eabi/lib/thumb/v7-m/nofp/crt0.o
LOAD ./Core/Src/Encoder.o
LOAD ./Core/Src/PID.o
LOAD ./Core/Src/fonts.o
LOAD ./Core/Src/main.o
LOAD ./Core/Src/ssd1306.o
LOAD ./Core/Src/stm32f1xx_hal_msp.o
LOAD ./Core/Src/stm32f1xx_it.o
LOAD ./Core/Src/syscalls.o
LOAD ./Core/Src/sysmem.o
LOAD ./Core/Src/system_stm32f1xx.o
LOAD ./Core/Startup/startup_stm32f103c6tx.o
LOAD ./Drivers/STM32F1xx_HAL_Driver/Src/stm32f1xx_hal.o
LOAD ./Drivers/STM32F1xx_HAL_Driver/Src/stm32f1xx_hal_cortex.o
LOAD ./Drivers/STM32F1xx_HAL_Driver/Src/stm32f1xx_hal_dma.o
LOAD ./Drivers/STM32F1xx_HAL_Driver/Src/stm32f1xx_hal_exti.o
LOAD ./Drivers/STM32F1xx_HAL_Driver/Src/stm32f1xx_hal_flash.o
LOAD ./Drivers/STM32F1xx_HAL_Driver/Src/stm32f1xx_hal_flash_ex.o
LOAD ./Drivers/STM32F1xx_HAL_Driver/Src/stm32f1xx_hal_gpio.o
LOAD ./Drivers/STM32F1xx_HAL_Driver/Src/stm32f1xx_hal_gpio_ex.o
LOAD ./Drivers/STM32F1xx_HAL_Driver/Src/stm32f1xx_hal_i2c.o
LOAD ./Drivers/STM32F1xx_HAL_Driver/Src/stm32f1xx_hal_pwr.o
LOAD ./Drivers/STM32F1xx_HAL_Driver/Src/stm32f1xx_hal_rcc.o
LOAD ./Drivers/STM32F1xx_HAL_Driver/Src/stm32f1xx_hal_rcc_ex.o
LOAD ./Drivers/STM32F1xx_HAL_Driver/Src/stm32f1xx_hal_spi.o
LOAD ./Drivers/STM32F1xx_HAL_Driver/Src/stm32f1xx_hal_tim.o
LOAD ./Drivers/STM32F1xx_HAL_Driver/Src/stm32f1xx_hal_tim_ex.o
START GROUP
LOAD c:/st/stm32cubeide_1.10.1/stm32cubeide/plugins/com.st.stm32cube.ide.mcu.externaltools.gnu-tools-for-stm32.10.3-2021.10.win32_1.0.0.202111181127/tools/bin/../lib/gcc/arm-none-eabi/10.3.1/../../../../arm-none-eabi/lib/thumb/v7-m/nofp\libc_nano.a
LOAD c:/st/stm32cubeide_1.10.1/stm32cubeide/plugins/com.st.stm32cube.ide.mcu.externaltools.gnu-tools-for-stm32.10.3-2021.10.win32_1.0.0.202111181127/tools/bin/../lib/gcc/arm-none-eabi/10.3.1/../../../../arm-none-eabi/lib/thumb/v7-m/nofp\libm.a
END GROUP
START GROUP
LOAD c:/st/stm32cubeide_1.10.1/stm32cubeide/plugins/com.st.stm32cube.ide.mcu.externaltools.gnu-tools-for-stm32.10.3-2021.10.win32_1.0.0.202111181127/tools/bin/../lib/gcc/arm-none-eabi/10.3.1/thumb/v7-m/nofp\libgcc.a
LOAD c:/st/stm32cubeide_1.10.1/stm32cubeide/plugins/com.st.stm32cube.ide.mcu.externaltools.gnu-tools-for-stm32.10.3-2021.10.win32_1.0.0.202111181127/tools/bin/../lib/gcc/arm-none-eabi/10.3.1/../../../../arm-none-eabi/lib/thumb/v7-m/nofp\libc_nano.a
END GROUP
START GROUP
LOAD c:/st/stm32cubeide_1.10.1/stm32cubeide/plugins/com.st.stm32cube.ide.mcu.externaltools.gnu-tools-for-stm32.10.3-2021.10.win32_1.0.0.202111181127/tools/bin/../lib/gcc/arm-none-eabi/10.3.1/thumb/v7-m/nofp\libgcc.a
LOAD c:/st/stm32cubeide_1.10.1/stm32cubeide/plugins/com.st.stm32cube.ide.mcu.externaltools.gnu-tools-for-stm32.10.3-2021.10.win32_1.0.0.202111181127/tools/bin/../lib/gcc/arm-none-eabi/10.3.1/../../../../arm-none-eabi/lib/thumb/v7-m/nofp\libc_nano.a
LOAD c:/st/stm32cubeide_1.10.1/stm32cubeide/plugins/com.st.stm32cube.ide.mcu.externaltools.gnu-tools-for-stm32.10.3-2021.10.win32_1.0.0.202111181127/tools/bin/../lib/gcc/arm-none-eabi/10.3.1/../../../../arm-none-eabi/lib/thumb/v7-m/nofp\libnosys.a
END GROUP
START GROUP
LOAD c:/st/stm32cubeide_1.10.1/stm32cubeide/plugins/com.st.stm32cube.ide.mcu.externaltools.gnu-tools-for-stm32.10.3-2021.10.win32_1.0.0.202111181127/tools/bin/../lib/gcc/arm-none-eabi/10.3.1/thumb/v7-m/nofp\libgcc.a
LOAD c:/st/stm32cubeide_1.10.1/stm32cubeide/plugins/com.st.stm32cube.ide.mcu.externaltools.gnu-tools-for-stm32.10.3-2021.10.win32_1.0.0.202111181127/tools/bin/../lib/gcc/arm-none-eabi/10.3.1/../../../../arm-none-eabi/lib/thumb/v7-m/nofp\libc_nano.a
LOAD c:/st/stm32cubeide_1.10.1/stm32cubeide/plugins/com.st.stm32cube.ide.mcu.externaltools.gnu-tools-for-stm32.10.3-2021.10.win32_1.0.0.202111181127/tools/bin/../lib/gcc/arm-none-eabi/10.3.1/../../../../arm-none-eabi/lib/thumb/v7-m/nofp\libnosys.a
END GROUP
LOAD c:/st/stm32cubeide_1.10.1/stm32cubeide/plugins/com.st.stm32cube.ide.mcu.externaltools.gnu-tools-for-stm32.10.3-2021.10.win32_1.0.0.202111181127/tools/bin/../lib/gcc/arm-none-eabi/10.3.1/thumb/v7-m/nofp/crtend.o
LOAD c:/st/stm32cubeide_1.10.1/stm32cubeide/plugins/com.st.stm32cube.ide.mcu.externaltools.gnu-tools-for-stm32.10.3-2021.10.win32_1.0.0.202111181127/tools/bin/../lib/gcc/arm-none-eabi/10.3.1/thumb/v7-m/nofp/crtn.o
                0x0000000020002800                _estack = (ORIGIN (RAM) + LENGTH (RAM))
                0x0000000000000200                _Min_Heap_Size = 0x200
                0x0000000000000400                _Min_Stack_Size = 0x400

.isr_vector     0x0000000008000000      0x10c
                0x0000000008000000                . = ALIGN (0x4)
 *(.isr_vector)
 .isr_vector    0x0000000008000000      0x10c ./Core/Startup/startup_stm32f103c6tx.o
                0x0000000008000000                g_pfnVectors
                0x000000000800010c                . = ALIGN (0x4)

.text           0x000000000800010c     0x3508
                0x000000000800010c                . = ALIGN (0x4)
 *(.text)
 .text          0x000000000800010c       0x40 c:/st/stm32cubeide_1.10.1/stm32cubeide/plugins/com.st.stm32cube.ide.mcu.externaltools.gnu-tools-for-stm32.10.3-2021.10.win32_1.0.0.202111181127/tools/bin/../lib/gcc/arm-none-eabi/10.3.1/thumb/v7-m/nofp/crtbegin.o
 *(.text*)
 .text.Encoder_Init
                0x000000000800014c       0x3e ./Core/Src/Encoder.o
                0x000000000800014c                Encoder_Init
 .text.Encoder_Read
                0x000000000800018a       0x96 ./Core/Src/Encoder.o
                0x000000000800018a                Encoder_Read
 .text.PIDController_Init
                0x0000000008000220       0x3a ./Core/Src/PID.o
                0x0000000008000220                PIDController_Init
 *fill*         0x000000000800025a        0x2 
 .text.main     0x000000000800025c       0xe8 ./Core/Src/main.o
                0x000000000800025c                main
 .text.SystemClock_Config
                0x0000000008000344       0x8a ./Core/Src/main.o
                0x0000000008000344                SystemClock_Config
 *fill*         0x00000000080003ce        0x2 
 .text.MX_I2C1_Init
                0x00000000080003d0       0x5c ./Core/Src/main.o
 .text.MX_SPI1_Init
                0x000000000800042c       0x70 ./Core/Src/main.o
 .text.MX_TIM2_Init
                0x000000000800049c       0xec ./Core/Src/main.o
 .text.MX_GPIO_Init
                0x0000000008000588       0xcc ./Core/Src/main.o
 .text.menuScreen_static
                0x0000000008000654       0x58 ./Core/Src/main.o
                0x0000000008000654                menuScreen_static
 .text.menuScreen_dynamic
                0x00000000080006ac       0xfc ./Core/Src/main.o
                0x00000000080006ac                menuScreen_dynamic
 .text.reflowScreen_dynamic
                0x00000000080007a8       0x1a ./Core/Src/main.o
                0x00000000080007a8                reflowScreen_dynamic
 .text.profileScreen_dynamic
                0x00000000080007c2       0x16 ./Core/Src/main.o
                0x00000000080007c2                profileScreen_dynamic
 .text.pidScreen_dynamic
                0x00000000080007d8       0x16 ./Core/Src/main.o
                0x00000000080007d8                pidScreen_dynamic
 .text.finishScreen_dynamic
                0x00000000080007ee       0x14 ./Core/Src/main.o
                0x00000000080007ee                finishScreen_dynamic
 .text.Error_Handler
                0x0000000008000802        0xa ./Core/Src/main.o
                0x0000000008000802                Error_Handler
 .text.SSD1306_Init
                0x000000000800080c      0x188 ./Core/Src/ssd1306.o
                0x000000000800080c                SSD1306_Init
 .text.SSD1306_UpdateScreen
                0x0000000008000994       0x5c ./Core/Src/ssd1306.o
                0x0000000008000994                SSD1306_UpdateScreen
 .text.SSD1306_Fill
                0x00000000080009f0       0x30 ./Core/Src/ssd1306.o
                0x00000000080009f0                SSD1306_Fill
 .text.SSD1306_DrawPixel
                0x0000000008000a20       0xbc ./Core/Src/ssd1306.o
                0x0000000008000a20                SSD1306_DrawPixel
 .text.SSD1306_GotoXY
                0x0000000008000adc       0x2c ./Core/Src/ssd1306.o
                0x0000000008000adc                SSD1306_GotoXY
 .text.SSD1306_Putc
                0x0000000008000b08      0x100 ./Core/Src/ssd1306.o
                0x0000000008000b08                SSD1306_Putc
 .text.SSD1306_Puts
                0x0000000008000c08       0x4a ./Core/Src/ssd1306.o
                0x0000000008000c08                SSD1306_Puts
 .text.SSD1306_Clear
                0x0000000008000c52       0x12 ./Core/Src/ssd1306.o
                0x0000000008000c52                SSD1306_Clear
 .text.ssd1306_I2C_Init
                0x0000000008000c64       0x28 ./Core/Src/ssd1306.o
                0x0000000008000c64                ssd1306_I2C_Init
 .text.ssd1306_I2C_WriteMulti
                0x0000000008000c8c       0xcc ./Core/Src/ssd1306.o
                0x0000000008000c8c                ssd1306_I2C_WriteMulti
 .text.ssd1306_I2C_Write
                0x0000000008000d58       0x3c ./Core/Src/ssd1306.o
                0x0000000008000d58                ssd1306_I2C_Write
 .text.HAL_MspInit
                0x0000000008000d94       0x64 ./Core/Src/stm32f1xx_hal_msp.o
                0x0000000008000d94                HAL_MspInit
 .text.HAL_I2C_MspInit
                0x0000000008000df8       0x80 ./Core/Src/stm32f1xx_hal_msp.o
                0x0000000008000df8                HAL_I2C_MspInit
 .text.HAL_SPI_MspInit
                0x0000000008000e78       0x94 ./Core/Src/stm32f1xx_hal_msp.o
                0x0000000008000e78                HAL_SPI_MspInit
 .text.HAL_TIM_Base_MspInit
                0x0000000008000f0c       0x38 ./Core/Src/stm32f1xx_hal_msp.o
                0x0000000008000f0c                HAL_TIM_Base_MspInit
 .text.HAL_TIM_MspPostInit
                0x0000000008000f44       0x60 ./Core/Src/stm32f1xx_hal_msp.o
                0x0000000008000f44                HAL_TIM_MspPostInit
 .text.NMI_Handler
                0x0000000008000fa4        0x6 ./Core/Src/stm32f1xx_it.o
                0x0000000008000fa4                NMI_Handler
 .text.HardFault_Handler
                0x0000000008000faa        0x6 ./Core/Src/stm32f1xx_it.o
                0x0000000008000faa                HardFault_Handler
 .text.MemManage_Handler
                0x0000000008000fb0        0x6 ./Core/Src/stm32f1xx_it.o
                0x0000000008000fb0                MemManage_Handler
 .text.BusFault_Handler
                0x0000000008000fb6        0x6 ./Core/Src/stm32f1xx_it.o
                0x0000000008000fb6                BusFault_Handler
 .text.UsageFault_Handler
                0x0000000008000fbc        0x6 ./Core/Src/stm32f1xx_it.o
                0x0000000008000fbc                UsageFault_Handler
 .text.SVC_Handler
                0x0000000008000fc2        0xc ./Core/Src/stm32f1xx_it.o
                0x0000000008000fc2                SVC_Handler
 .text.DebugMon_Handler
                0x0000000008000fce        0xc ./Core/Src/stm32f1xx_it.o
                0x0000000008000fce                DebugMon_Handler
 .text.PendSV_Handler
                0x0000000008000fda        0xc ./Core/Src/stm32f1xx_it.o
                0x0000000008000fda                PendSV_Handler
 .text.SysTick_Handler
                0x0000000008000fe6        0xc ./Core/Src/stm32f1xx_it.o
                0x0000000008000fe6                SysTick_Handler
 .text.SystemInit
                0x0000000008000ff2        0xc ./Core/Src/system_stm32f1xx.o
                0x0000000008000ff2                SystemInit
 *fill*         0x0000000008000ffe        0x2 
 .text.Reset_Handler
                0x0000000008001000       0x48 ./Core/Startup/startup_stm32f103c6tx.o
                0x0000000008001000                Reset_Handler
 .text.Default_Handler
                0x0000000008001048        0x2 ./Core/Startup/startup_stm32f103c6tx.o
                0x0000000008001048                RTC_Alarm_IRQHandler
                0x0000000008001048                EXTI2_IRQHandler
                0x0000000008001048                TIM1_CC_IRQHandler
                0x0000000008001048                PVD_IRQHandler
                0x0000000008001048                EXTI3_IRQHandler
                0x0000000008001048                EXTI0_IRQHandler
                0x0000000008001048                ADC1_2_IRQHandler
                0x0000000008001048                SPI1_IRQHandler
                0x0000000008001048                TAMPER_IRQHandler
                0x0000000008001048                DMA1_Channel4_IRQHandler
                0x0000000008001048                RTC_IRQHandler
                0x0000000008001048                DMA1_Channel7_IRQHandler
                0x0000000008001048                CAN1_RX1_IRQHandler
                0x0000000008001048                I2C1_EV_IRQHandler
                0x0000000008001048                DMA1_Channel6_IRQHandler
                0x0000000008001048                TIM3_IRQHandler
                0x0000000008001048                RCC_IRQHandler
                0x0000000008001048                TIM1_TRG_COM_IRQHandler
                0x0000000008001048                DMA1_Channel1_IRQHandler
                0x0000000008001048                Default_Handler
                0x0000000008001048                EXTI15_10_IRQHandler
                0x0000000008001048                EXTI9_5_IRQHandler
                0x0000000008001048                DMA1_Channel5_IRQHandler
                0x0000000008001048                EXTI4_IRQHandler
                0x0000000008001048                USB_LP_CAN1_RX0_IRQHandler
                0x0000000008001048                USB_HP_CAN1_TX_IRQHandler
                0x0000000008001048                DMA1_Channel3_IRQHandler
                0x0000000008001048                TIM1_UP_IRQHandler
                0x0000000008001048                WWDG_IRQHandler
                0x0000000008001048                TIM2_IRQHandler
                0x0000000008001048                TIM1_BRK_IRQHandler
                0x0000000008001048                EXTI1_IRQHandler
                0x0000000008001048                USART2_IRQHandler
                0x0000000008001048                DMA1_Channel2_IRQHandler
                0x0000000008001048                CAN1_SCE_IRQHandler
                0x0000000008001048                FLASH_IRQHandler
                0x0000000008001048                USART1_IRQHandler
                0x0000000008001048                I2C1_ER_IRQHandler
                0x0000000008001048                USBWakeUp_IRQHandler
 *fill*         0x000000000800104a        0x2 
 .text.HAL_Init
                0x000000000800104c       0x2c ./Drivers/STM32F1xx_HAL_Driver/Src/stm32f1xx_hal.o
                0x000000000800104c                HAL_Init
 .text.HAL_InitTick
                0x0000000008001078       0x60 ./Drivers/STM32F1xx_HAL_Driver/Src/stm32f1xx_hal.o
                0x0000000008001078                HAL_InitTick
 .text.HAL_IncTick
                0x00000000080010d8       0x24 ./Drivers/STM32F1xx_HAL_Driver/Src/stm32f1xx_hal.o
                0x00000000080010d8                HAL_IncTick
 .text.HAL_GetTick
                0x00000000080010fc       0x14 ./Drivers/STM32F1xx_HAL_Driver/Src/stm32f1xx_hal.o
                0x00000000080010fc                HAL_GetTick
 .text.__NVIC_SetPriorityGrouping
                0x0000000008001110       0x48 ./Drivers/STM32F1xx_HAL_Driver/Src/stm32f1xx_hal_cortex.o
 .text.__NVIC_GetPriorityGrouping
                0x0000000008001158       0x1c ./Drivers/STM32F1xx_HAL_Driver/Src/stm32f1xx_hal_cortex.o
 .text.__NVIC_SetPriority
                0x0000000008001174       0x54 ./Drivers/STM32F1xx_HAL_Driver/Src/stm32f1xx_hal_cortex.o
 .text.NVIC_EncodePriority
                0x00000000080011c8       0x64 ./Drivers/STM32F1xx_HAL_Driver/Src/stm32f1xx_hal_cortex.o
 .text.SysTick_Config
                0x000000000800122c       0x44 ./Drivers/STM32F1xx_HAL_Driver/Src/stm32f1xx_hal_cortex.o
 .text.HAL_NVIC_SetPriorityGrouping
                0x0000000008001270       0x16 ./Drivers/STM32F1xx_HAL_Driver/Src/stm32f1xx_hal_cortex.o
                0x0000000008001270                HAL_NVIC_SetPriorityGrouping
 .text.HAL_NVIC_SetPriority
                0x0000000008001286       0x38 ./Drivers/STM32F1xx_HAL_Driver/Src/stm32f1xx_hal_cortex.o
                0x0000000008001286                HAL_NVIC_SetPriority
 .text.HAL_SYSTICK_Config
                0x00000000080012be       0x18 ./Drivers/STM32F1xx_HAL_Driver/Src/stm32f1xx_hal_cortex.o
                0x00000000080012be                HAL_SYSTICK_Config
 *fill*         0x00000000080012d6        0x2 
 .text.HAL_GPIO_Init
                0x00000000080012d8      0x2f8 ./Drivers/STM32F1xx_HAL_Driver/Src/stm32f1xx_hal_gpio.o
                0x00000000080012d8                HAL_GPIO_Init
 .text.HAL_GPIO_ReadPin
                0x00000000080015d0       0x2e ./Drivers/STM32F1xx_HAL_Driver/Src/stm32f1xx_hal_gpio.o
                0x00000000080015d0                HAL_GPIO_ReadPin
 .text.HAL_GPIO_WritePin
                0x00000000080015fe       0x30 ./Drivers/STM32F1xx_HAL_Driver/Src/stm32f1xx_hal_gpio.o
                0x00000000080015fe                HAL_GPIO_WritePin
 *fill*         0x000000000800162e        0x2 
 .text.HAL_I2C_Init
                0x0000000008001630      0x288 ./Drivers/STM32F1xx_HAL_Driver/Src/stm32f1xx_hal_i2c.o
                0x0000000008001630                HAL_I2C_Init
 .text.HAL_I2C_Master_Transmit
                0x00000000080018b8      0x1fc ./Drivers/STM32F1xx_HAL_Driver/Src/stm32f1xx_hal_i2c.o
                0x00000000080018b8                HAL_I2C_Master_Transmit
 .text.HAL_I2C_IsDeviceReady
                0x0000000008001ab4      0x25c ./Drivers/STM32F1xx_HAL_Driver/Src/stm32f1xx_hal_i2c.o
                0x0000000008001ab4                HAL_I2C_IsDeviceReady
 .text.I2C_MasterRequestWrite
                0x0000000008001d10      0x104 ./Drivers/STM32F1xx_HAL_Driver/Src/stm32f1xx_hal_i2c.o
 .text.I2C_WaitOnFlagUntilTimeout
                0x0000000008001e14       0xae ./Drivers/STM32F1xx_HAL_Driver/Src/stm32f1xx_hal_i2c.o
 .text.I2C_WaitOnMasterAddressFlagUntilTimeout
                0x0000000008001ec2       0xfe ./Drivers/STM32F1xx_HAL_Driver/Src/stm32f1xx_hal_i2c.o
 .text.I2C_WaitOnTXEFlagUntilTimeout
                0x0000000008001fc0       0x82 ./Drivers/STM32F1xx_HAL_Driver/Src/stm32f1xx_hal_i2c.o
 .text.I2C_WaitOnBTFFlagUntilTimeout
                0x0000000008002042       0x82 ./Drivers/STM32F1xx_HAL_Driver/Src/stm32f1xx_hal_i2c.o
 .text.I2C_IsAcknowledgeFailed
                0x00000000080020c4       0x5c ./Drivers/STM32F1xx_HAL_Driver/Src/stm32f1xx_hal_i2c.o
 .text.HAL_RCC_OscConfig
                0x0000000008002120      0x504 ./Drivers/STM32F1xx_HAL_Driver/Src/stm32f1xx_hal_rcc.o
                0x0000000008002120                HAL_RCC_OscConfig
 .text.HAL_RCC_ClockConfig
                0x0000000008002624      0x1d4 ./Drivers/STM32F1xx_HAL_Driver/Src/stm32f1xx_hal_rcc.o
                0x0000000008002624                HAL_RCC_ClockConfig
 .text.HAL_RCC_GetSysClockFreq
                0x00000000080027f8       0xbc ./Drivers/STM32F1xx_HAL_Driver/Src/stm32f1xx_hal_rcc.o
                0x00000000080027f8                HAL_RCC_GetSysClockFreq
 .text.HAL_RCC_GetHCLKFreq
                0x00000000080028b4       0x14 ./Drivers/STM32F1xx_HAL_Driver/Src/stm32f1xx_hal_rcc.o
                0x00000000080028b4                HAL_RCC_GetHCLKFreq
 .text.HAL_RCC_GetPCLK1Freq
                0x00000000080028c8       0x28 ./Drivers/STM32F1xx_HAL_Driver/Src/stm32f1xx_hal_rcc.o
                0x00000000080028c8                HAL_RCC_GetPCLK1Freq
 .text.RCC_Delay
                0x00000000080028f0       0x3c ./Drivers/STM32F1xx_HAL_Driver/Src/stm32f1xx_hal_rcc.o
 .text.HAL_SPI_Init
                0x000000000800292c      0x108 ./Drivers/STM32F1xx_HAL_Driver/Src/stm32f1xx_hal_spi.o
                0x000000000800292c                HAL_SPI_Init
 .text.HAL_TIM_Base_Init
                0x0000000008002a34       0x9e ./Drivers/STM32F1xx_HAL_Driver/Src/stm32f1xx_hal_tim.o
                0x0000000008002a34                HAL_TIM_Base_Init
 .text.HAL_TIM_PWM_Init
                0x0000000008002ad2       0x9e ./Drivers/STM32F1xx_HAL_Driver/Src/stm32f1xx_hal_tim.o
                0x0000000008002ad2                HAL_TIM_PWM_Init
 .text.HAL_TIM_PWM_MspInit
                0x0000000008002b70       0x12 ./Drivers/STM32F1xx_HAL_Driver/Src/stm32f1xx_hal_tim.o
                0x0000000008002b70                HAL_TIM_PWM_MspInit
 *fill*         0x0000000008002b82        0x2 
 .text.HAL_TIM_PWM_Start
                0x0000000008002b84      0x138 ./Drivers/STM32F1xx_HAL_Driver/Src/stm32f1xx_hal_tim.o
                0x0000000008002b84                HAL_TIM_PWM_Start
 .text.HAL_TIM_PWM_ConfigChannel
                0x0000000008002cbc      0x17c ./Drivers/STM32F1xx_HAL_Driver/Src/stm32f1xx_hal_tim.o
                0x0000000008002cbc                HAL_TIM_PWM_ConfigChannel
 .text.HAL_TIM_ConfigClockSource
                0x0000000008002e38      0x188 ./Drivers/STM32F1xx_HAL_Driver/Src/stm32f1xx_hal_tim.o
                0x0000000008002e38                HAL_TIM_ConfigClockSource
 .text.TIM_Base_SetConfig
                0x0000000008002fc0       0xb0 ./Drivers/STM32F1xx_HAL_Driver/Src/stm32f1xx_hal_tim.o
                0x0000000008002fc0                TIM_Base_SetConfig
 .text.TIM_OC1_SetConfig
                0x0000000008003070       0xcc ./Drivers/STM32F1xx_HAL_Driver/Src/stm32f1xx_hal_tim.o
 .text.TIM_OC2_SetConfig
                0x000000000800313c       0xd4 ./Drivers/STM32F1xx_HAL_Driver/Src/stm32f1xx_hal_tim.o
                0x000000000800313c                TIM_OC2_SetConfig
 .text.TIM_OC3_SetConfig
                0x0000000008003210       0xd4 ./Drivers/STM32F1xx_HAL_Driver/Src/stm32f1xx_hal_tim.o
 .text.TIM_OC4_SetConfig
                0x00000000080032e4       0x9c ./Drivers/STM32F1xx_HAL_Driver/Src/stm32f1xx_hal_tim.o
 .text.TIM_TI1_ConfigInputStage
                0x0000000008003380       0x5c ./Drivers/STM32F1xx_HAL_Driver/Src/stm32f1xx_hal_tim.o
 .text.TIM_TI2_ConfigInputStage
                0x00000000080033dc       0x5e ./Drivers/STM32F1xx_HAL_Driver/Src/stm32f1xx_hal_tim.o
 .text.TIM_ITRx_SetConfig
                0x000000000800343a       0x34 ./Drivers/STM32F1xx_HAL_Driver/Src/stm32f1xx_hal_tim.o
 .text.TIM_ETR_SetConfig
                0x000000000800346e       0x3e ./Drivers/STM32F1xx_HAL_Driver/Src/stm32f1xx_hal_tim.o
                0x000000000800346e                TIM_ETR_SetConfig
 .text.TIM_CCxChannelCmd
                0x00000000080034ac       0x48 ./Drivers/STM32F1xx_HAL_Driver/Src/stm32f1xx_hal_tim.o
                0x00000000080034ac                TIM_CCxChannelCmd
 .text.HAL_TIMEx_MasterConfigSynchronization
                0x00000000080034f4       0xb0 ./Drivers/STM32F1xx_HAL_Driver/Src/stm32f1xx_hal_tim_ex.o
                0x00000000080034f4                HAL_TIMEx_MasterConfigSynchronization
 .text.__libc_init_array
                0x00000000080035a4       0x48 c:/st/stm32cubeide_1.10.1/stm32cubeide/plugins/com.st.stm32cube.ide.mcu.externaltools.gnu-tools-for-stm32.10.3-2021.10.win32_1.0.0.202111181127/tools/bin/../lib/gcc/arm-none-eabi/10.3.1/../../../../arm-none-eabi/lib/thumb/v7-m/nofp\libc_nano.a(lib_a-init.o)
                0x00000000080035a4                __libc_init_array
 .text.memset   0x00000000080035ec       0x10 c:/st/stm32cubeide_1.10.1/stm32cubeide/plugins/com.st.stm32cube.ide.mcu.externaltools.gnu-tools-for-stm32.10.3-2021.10.win32_1.0.0.202111181127/tools/bin/../lib/gcc/arm-none-eabi/10.3.1/../../../../arm-none-eabi/lib/thumb/v7-m/nofp\libc_nano.a(lib_a-memset.o)
                0x00000000080035ec                memset
 *(.glue_7)
 .glue_7        0x00000000080035fc        0x0 linker stubs
 *(.glue_7t)
 .glue_7t       0x00000000080035fc        0x0 linker stubs
 *(.eh_frame)
 .eh_frame      0x00000000080035fc        0x0 c:/st/stm32cubeide_1.10.1/stm32cubeide/plugins/com.st.stm32cube.ide.mcu.externaltools.gnu-tools-for-stm32.10.3-2021.10.win32_1.0.0.202111181127/tools/bin/../lib/gcc/arm-none-eabi/10.3.1/thumb/v7-m/nofp/crtbegin.o
 *(.init)
 .init          0x00000000080035fc        0x4 c:/st/stm32cubeide_1.10.1/stm32cubeide/plugins/com.st.stm32cube.ide.mcu.externaltools.gnu-tools-for-stm32.10.3-2021.10.win32_1.0.0.202111181127/tools/bin/../lib/gcc/arm-none-eabi/10.3.1/thumb/v7-m/nofp/crti.o
                0x00000000080035fc                _init
 .init          0x0000000008003600        0x8 c:/st/stm32cubeide_1.10.1/stm32cubeide/plugins/com.st.stm32cube.ide.mcu.externaltools.gnu-tools-for-stm32.10.3-2021.10.win32_1.0.0.202111181127/tools/bin/../lib/gcc/arm-none-eabi/10.3.1/thumb/v7-m/nofp/crtn.o
 *(.fini)
 .fini          0x0000000008003608        0x4 c:/st/stm32cubeide_1.10.1/stm32cubeide/plugins/com.st.stm32cube.ide.mcu.externaltools.gnu-tools-for-stm32.10.3-2021.10.win32_1.0.0.202111181127/tools/bin/../lib/gcc/arm-none-eabi/10.3.1/thumb/v7-m/nofp/crti.o
                0x0000000008003608                _fini
 .fini          0x000000000800360c        0x8 c:/st/stm32cubeide_1.10.1/stm32cubeide/plugins/com.st.stm32cube.ide.mcu.externaltools.gnu-tools-for-stm32.10.3-2021.10.win32_1.0.0.202111181127/tools/bin/../lib/gcc/arm-none-eabi/10.3.1/thumb/v7-m/nofp/crtn.o
                0x0000000008003614                . = ALIGN (0x4)
                0x0000000008003614                _etext = .

.vfp11_veneer   0x0000000008003614        0x0
 .vfp11_veneer  0x0000000008003614        0x0 linker stubs

.v4_bx          0x0000000008003614        0x0
 .v4_bx         0x0000000008003614        0x0 linker stubs

.iplt           0x0000000008003614        0x0
 .iplt          0x0000000008003614        0x0 c:/st/stm32cubeide_1.10.1/stm32cubeide/plugins/com.st.stm32cube.ide.mcu.externaltools.gnu-tools-for-stm32.10.3-2021.10.win32_1.0.0.202111181127/tools/bin/../lib/gcc/arm-none-eabi/10.3.1/thumb/v7-m/nofp/crtbegin.o

.rodata         0x0000000008003614      0xdac
                0x0000000008003614                . = ALIGN (0x4)
 *(.rodata)
 .rodata        0x0000000008003614       0x26 ./Core/Src/main.o
 *fill*         0x000000000800363a        0x2 
 .rodata        0x000000000800363c       0x10 ./Drivers/STM32F1xx_HAL_Driver/Src/stm32f1xx_hal_rcc.o
 *(.rodata*)
 .rodata.Font11x18
                0x000000000800364c      0xd5c ./Core/Src/fonts.o
                0x000000000800364c                Font11x18
 .rodata.AHBPrescTable
                0x00000000080043a8       0x10 ./Core/Src/system_stm32f1xx.o
                0x00000000080043a8                AHBPrescTable
 .rodata.APBPrescTable
                0x00000000080043b8        0x8 ./Core/Src/system_stm32f1xx.o
                0x00000000080043b8                APBPrescTable
                0x00000000080043c0                . = ALIGN (0x4)

.rel.dyn        0x00000000080043c0        0x0
 .rel.iplt      0x00000000080043c0        0x0 c:/st/stm32cubeide_1.10.1/stm32cubeide/plugins/com.st.stm32cube.ide.mcu.externaltools.gnu-tools-for-stm32.10.3-2021.10.win32_1.0.0.202111181127/tools/bin/../lib/gcc/arm-none-eabi/10.3.1/thumb/v7-m/nofp/crtbegin.o

.ARM.extab      0x00000000080043c0        0x0
                0x00000000080043c0                . = ALIGN (0x4)
 *(.ARM.extab* .gnu.linkonce.armextab.*)
                0x00000000080043c0                . = ALIGN (0x4)

.ARM            0x00000000080043c0        0x0
                0x00000000080043c0                . = ALIGN (0x4)
                0x00000000080043c0                __exidx_start = .
 *(.ARM.exidx*)
                0x00000000080043c0                __exidx_end = .
                0x00000000080043c0                . = ALIGN (0x4)

.preinit_array  0x00000000080043c0        0x0
                0x00000000080043c0                . = ALIGN (0x4)
                0x00000000080043c0                PROVIDE (__preinit_array_start = .)
 *(.preinit_array*)
                0x00000000080043c0                PROVIDE (__preinit_array_end = .)
                0x00000000080043c0                . = ALIGN (0x4)

.init_array     0x00000000080043c0        0x4
                0x00000000080043c0                . = ALIGN (0x4)
                0x00000000080043c0                PROVIDE (__init_array_start = .)
 *(SORT_BY_NAME(.init_array.*))
 *(.init_array*)
 .init_array    0x00000000080043c0        0x4 c:/st/stm32cubeide_1.10.1/stm32cubeide/plugins/com.st.stm32cube.ide.mcu.externaltools.gnu-tools-for-stm32.10.3-2021.10.win32_1.0.0.202111181127/tools/bin/../lib/gcc/arm-none-eabi/10.3.1/thumb/v7-m/nofp/crtbegin.o
                0x00000000080043c4                PROVIDE (__init_array_end = .)
                0x00000000080043c4                . = ALIGN (0x4)

.fini_array     0x00000000080043c4        0x4
                0x00000000080043c4                . = ALIGN (0x4)
                [!provide]                        PROVIDE (__fini_array_start = .)
 *(SORT_BY_NAME(.fini_array.*))
 *(.fini_array*)
 .fini_array    0x00000000080043c4        0x4 c:/st/stm32cubeide_1.10.1/stm32cubeide/plugins/com.st.stm32cube.ide.mcu.externaltools.gnu-tools-for-stm32.10.3-2021.10.win32_1.0.0.202111181127/tools/bin/../lib/gcc/arm-none-eabi/10.3.1/thumb/v7-m/nofp/crtbegin.o
                [!provide]                        PROVIDE (__fini_array_end = .)
                0x00000000080043c8                . = ALIGN (0x4)
                0x00000000080043c8                _sidata = LOADADDR (.data)

.data           0x0000000020000000       0x18 load address 0x00000000080043c8
                0x0000000020000000                . = ALIGN (0x4)
                0x0000000020000000                _sdata = .
 *(.data)
 *(.data*)
 .data.Font_11x18
                0x0000000020000000        0x8 ./Core/Src/fonts.o
                0x0000000020000000                Font_11x18
 .data.menuSelect.0
                0x0000000020000008        0x4 ./Core/Src/main.o
 .data.SystemCoreClock
                0x000000002000000c        0x4 ./Core/Src/system_stm32f1xx.o
                0x000000002000000c                SystemCoreClock
 .data.uwTickPrio
                0x0000000020000010        0x4 ./Drivers/STM32F1xx_HAL_Driver/Src/stm32f1xx_hal.o
                0x0000000020000010                uwTickPrio
 .data.uwTickFreq
                0x0000000020000014        0x1 ./Drivers/STM32F1xx_HAL_Driver/Src/stm32f1xx_hal.o
                0x0000000020000014                uwTickFreq
 *(.RamFunc)
 *(.RamFunc*)
                0x0000000020000018                . = ALIGN (0x4)
 *fill*         0x0000000020000015        0x3 
                0x0000000020000018                _edata = .

.igot.plt       0x0000000020000018        0x0 load address 0x00000000080043e0
 .igot.plt      0x0000000020000018        0x0 c:/st/stm32cubeide_1.10.1/stm32cubeide/plugins/com.st.stm32cube.ide.mcu.externaltools.gnu-tools-for-stm32.10.3-2021.10.win32_1.0.0.202111181127/tools/bin/../lib/gcc/arm-none-eabi/10.3.1/thumb/v7-m/nofp/crtbegin.o
                0x0000000020000018                . = ALIGN (0x4)

.bss            0x0000000020000018      0x520 load address 0x00000000080043e0
                0x0000000020000018                _sbss = .
                0x0000000020000018                __bss_start__ = _sbss
 *(.bss)
 .bss           0x0000000020000018       0x1c c:/st/stm32cubeide_1.10.1/stm32cubeide/plugins/com.st.stm32cube.ide.mcu.externaltools.gnu-tools-for-stm32.10.3-2021.10.win32_1.0.0.202111181127/tools/bin/../lib/gcc/arm-none-eabi/10.3.1/thumb/v7-m/nofp/crtbegin.o
 *(.bss*)
 .bss.hi2c1     0x0000000020000034       0x54 ./Core/Src/main.o
                0x0000000020000034                hi2c1
 .bss.hspi1     0x0000000020000088       0x58 ./Core/Src/main.o
                0x0000000020000088                hspi1
 .bss.htim2     0x00000000200000e0       0x48 ./Core/Src/main.o
                0x00000000200000e0                htim2
 .bss.state.1   0x0000000020000128        0x1 ./Core/Src/main.o
 *fill*         0x0000000020000129        0x3 
 .bss.SSD1306_Buffer
                0x000000002000012c      0x400 ./Core/Src/ssd1306.o
 .bss.SSD1306   0x000000002000052c        0x6 ./Core/Src/ssd1306.o
 *fill*         0x0000000020000532        0x2 
 .bss.uwTick    0x0000000020000534        0x4 ./Drivers/STM32F1xx_HAL_Driver/Src/stm32f1xx_hal.o
                0x0000000020000534                uwTick
 *(COMMON)
                0x0000000020000538                . = ALIGN (0x4)
                0x0000000020000538                _ebss = .
                0x0000000020000538                __bss_end__ = _ebss

._user_heap_stack
                0x0000000020000538      0x600 load address 0x00000000080043e0
                0x0000000020000538                . = ALIGN (0x8)
                [!provide]                        PROVIDE (end = .)
                0x0000000020000538                PROVIDE (_end = .)
                0x0000000020000738                . = (. + _Min_Heap_Size)
 *fill*         0x0000000020000538      0x200 
                0x0000000020000b38                . = (. + _Min_Stack_Size)
 *fill*         0x0000000020000738      0x400 
                0x0000000020000b38                . = ALIGN (0x8)

/DISCARD/
 libc.a(*)
 libm.a(*)
 libgcc.a(*)

.ARM.attributes
                0x0000000000000000       0x29
 *(.ARM.attributes)
 .ARM.attributes
                0x0000000000000000       0x1d c:/st/stm32cubeide_1.10.1/stm32cubeide/plugins/com.st.stm32cube.ide.mcu.externaltools.gnu-tools-for-stm32.10.3-2021.10.win32_1.0.0.202111181127/tools/bin/../lib/gcc/arm-none-eabi/10.3.1/thumb/v7-m/nofp/crti.o
 .ARM.attributes
                0x000000000000001d       0x2d c:/st/stm32cubeide_1.10.1/stm32cubeide/plugins/com.st.stm32cube.ide.mcu.externaltools.gnu-tools-for-stm32.10.3-2021.10.win32_1.0.0.202111181127/tools/bin/../lib/gcc/arm-none-eabi/10.3.1/thumb/v7-m/nofp/crtbegin.o
 .ARM.attributes
                0x000000000000004a       0x2d ./Core/Src/Encoder.o
 .ARM.attributes
                0x0000000000000077       0x2d ./Core/Src/PID.o
 .ARM.attributes
                0x00000000000000a4       0x2d ./Core/Src/fonts.o
 .ARM.attributes
                0x00000000000000d1       0x2d ./Core/Src/main.o
 .ARM.attributes
                0x00000000000000fe       0x2d ./Core/Src/ssd1306.o
 .ARM.attributes
                0x000000000000012b       0x2d ./Core/Src/stm32f1xx_hal_msp.o
 .ARM.attributes
                0x0000000000000158       0x2d ./Core/Src/stm32f1xx_it.o
 .ARM.attributes
                0x0000000000000185       0x2d ./Core/Src/system_stm32f1xx.o
 .ARM.attributes
                0x00000000000001b2       0x21 ./Core/Startup/startup_stm32f103c6tx.o
 .ARM.attributes
                0x00000000000001d3       0x2d ./Drivers/STM32F1xx_HAL_Driver/Src/stm32f1xx_hal.o
 .ARM.attributes
                0x0000000000000200       0x2d ./Drivers/STM32F1xx_HAL_Driver/Src/stm32f1xx_hal_cortex.o
 .ARM.attributes
                0x000000000000022d       0x2d ./Drivers/STM32F1xx_HAL_Driver/Src/stm32f1xx_hal_gpio.o
 .ARM.attributes
                0x000000000000025a       0x2d ./Drivers/STM32F1xx_HAL_Driver/Src/stm32f1xx_hal_i2c.o
 .ARM.attributes
                0x0000000000000287       0x2d ./Drivers/STM32F1xx_HAL_Driver/Src/stm32f1xx_hal_rcc.o
 .ARM.attributes
                0x00000000000002b4       0x2d ./Drivers/STM32F1xx_HAL_Driver/Src/stm32f1xx_hal_spi.o
 .ARM.attributes
                0x00000000000002e1       0x2d ./Drivers/STM32F1xx_HAL_Driver/Src/stm32f1xx_hal_tim.o
 .ARM.attributes
                0x000000000000030e       0x2d ./Drivers/STM32F1xx_HAL_Driver/Src/stm32f1xx_hal_tim_ex.o
 .ARM.attributes
                0x000000000000033b       0x2d c:/st/stm32cubeide_1.10.1/stm32cubeide/plugins/com.st.stm32cube.ide.mcu.externaltools.gnu-tools-for-stm32.10.3-2021.10.win32_1.0.0.202111181127/tools/bin/../lib/gcc/arm-none-eabi/10.3.1/../../../../arm-none-eabi/lib/thumb/v7-m/nofp\libc_nano.a(lib_a-init.o)
 .ARM.attributes
                0x0000000000000368       0x2d c:/st/stm32cubeide_1.10.1/stm32cubeide/plugins/com.st.stm32cube.ide.mcu.externaltools.gnu-tools-for-stm32.10.3-2021.10.win32_1.0.0.202111181127/tools/bin/../lib/gcc/arm-none-eabi/10.3.1/../../../../arm-none-eabi/lib/thumb/v7-m/nofp\libc_nano.a(lib_a-memset.o)
 .ARM.attributes
                0x0000000000000395       0x1d c:/st/stm32cubeide_1.10.1/stm32cubeide/plugins/com.st.stm32cube.ide.mcu.externaltools.gnu-tools-for-stm32.10.3-2021.10.win32_1.0.0.202111181127/tools/bin/../lib/gcc/arm-none-eabi/10.3.1/thumb/v7-m/nofp/crtn.o
OUTPUT(ReflowControllerFW.elf elf32-littlearm)
LOAD linker stubs
LOAD c:/st/stm32cubeide_1.10.1/stm32cubeide/plugins/com.st.stm32cube.ide.mcu.externaltools.gnu-tools-for-stm32.10.3-2021.10.win32_1.0.0.202111181127/tools/bin/../lib/gcc/arm-none-eabi/10.3.1/../../../../arm-none-eabi/lib/thumb/v7-m/nofp\libc.a
LOAD c:/st/stm32cubeide_1.10.1/stm32cubeide/plugins/com.st.stm32cube.ide.mcu.externaltools.gnu-tools-for-stm32.10.3-2021.10.win32_1.0.0.202111181127/tools/bin/../lib/gcc/arm-none-eabi/10.3.1/../../../../arm-none-eabi/lib/thumb/v7-m/nofp\libm.a
LOAD c:/st/stm32cubeide_1.10.1/stm32cubeide/plugins/com.st.stm32cube.ide.mcu.externaltools.gnu-tools-for-stm32.10.3-2021.10.win32_1.0.0.202111181127/tools/bin/../lib/gcc/arm-none-eabi/10.3.1/thumb/v7-m/nofp\libgcc.a

.debug_info     0x0000000000000000     0xdf09
 .debug_info    0x0000000000000000      0x253 ./Core/Src/Encoder.o
 .debug_info    0x0000000000000253      0x186 ./Core/Src/PID.o
 .debug_info    0x00000000000003d9      0x27a ./Core/Src/fonts.o
 .debug_info    0x0000000000000653     0x174a ./Core/Src/main.o
 .debug_info    0x0000000000001d9d     0x1112 ./Core/Src/ssd1306.o
 .debug_info    0x0000000000002eaf      0xfc8 ./Core/Src/stm32f1xx_hal_msp.o
 .debug_info    0x0000000000003e77      0x129 ./Core/Src/stm32f1xx_it.o
 .debug_info    0x0000000000003fa0      0x23d ./Core/Src/system_stm32f1xx.o
 .debug_info    0x00000000000041dd       0x22 ./Core/Startup/startup_stm32f103c6tx.o
 .debug_info    0x00000000000041ff      0x716 ./Drivers/STM32F1xx_HAL_Driver/Src/stm32f1xx_hal.o
 .debug_info    0x0000000000004915      0xb02 ./Drivers/STM32F1xx_HAL_Driver/Src/stm32f1xx_hal_cortex.o
 .debug_info    0x0000000000005417      0x615 ./Drivers/STM32F1xx_HAL_Driver/Src/stm32f1xx_hal_gpio.o
 .debug_info    0x0000000000005a2c     0x2734 ./Drivers/STM32F1xx_HAL_Driver/Src/stm32f1xx_hal_i2c.o
 .debug_info    0x0000000000008160      0x860 ./Drivers/STM32F1xx_HAL_Driver/Src/stm32f1xx_hal_rcc.o
 .debug_info    0x00000000000089c0     0x1658 ./Drivers/STM32F1xx_HAL_Driver/Src/stm32f1xx_hal_spi.o
 .debug_info    0x000000000000a018     0x29de ./Drivers/STM32F1xx_HAL_Driver/Src/stm32f1xx_hal_tim.o
 .debug_info    0x000000000000c9f6     0x1513 ./Drivers/STM32F1xx_HAL_Driver/Src/stm32f1xx_hal_tim_ex.o

.debug_abbrev   0x0000000000000000     0x2041
 .debug_abbrev  0x0000000000000000      0x140 ./Core/Src/Encoder.o
 .debug_abbrev  0x0000000000000140       0xd6 ./Core/Src/PID.o
 .debug_abbrev  0x0000000000000216      0x111 ./Core/Src/fonts.o
 .debug_abbrev  0x0000000000000327      0x36e ./Core/Src/main.o
 .debug_abbrev  0x0000000000000695      0x2f8 ./Core/Src/ssd1306.o
 .debug_abbrev  0x000000000000098d      0x1f0 ./Core/Src/stm32f1xx_hal_msp.o
 .debug_abbrev  0x0000000000000b7d       0x74 ./Core/Src/stm32f1xx_it.o
 .debug_abbrev  0x0000000000000bf1      0x13b ./Core/Src/system_stm32f1xx.o
 .debug_abbrev  0x0000000000000d2c       0x12 ./Core/Startup/startup_stm32f103c6tx.o
 .debug_abbrev  0x0000000000000d3e      0x1fb ./Drivers/STM32F1xx_HAL_Driver/Src/stm32f1xx_hal.o
 .debug_abbrev  0x0000000000000f39      0x2ed ./Drivers/STM32F1xx_HAL_Driver/Src/stm32f1xx_hal_cortex.o
 .debug_abbrev  0x0000000000001226      0x1bb ./Drivers/STM32F1xx_HAL_Driver/Src/stm32f1xx_hal_gpio.o
 .debug_abbrev  0x00000000000013e1      0x288 ./Drivers/STM32F1xx_HAL_Driver/Src/stm32f1xx_hal_i2c.o
 .debug_abbrev  0x0000000000001669      0x2a8 ./Drivers/STM32F1xx_HAL_Driver/Src/stm32f1xx_hal_rcc.o
 .debug_abbrev  0x0000000000001911      0x26e ./Drivers/STM32F1xx_HAL_Driver/Src/stm32f1xx_hal_spi.o
 .debug_abbrev  0x0000000000001b7f      0x25d ./Drivers/STM32F1xx_HAL_Driver/Src/stm32f1xx_hal_tim.o
 .debug_abbrev  0x0000000000001ddc      0x265 ./Drivers/STM32F1xx_HAL_Driver/Src/stm32f1xx_hal_tim_ex.o

.debug_aranges  0x0000000000000000      0xf78
 .debug_aranges
                0x0000000000000000       0x28 ./Core/Src/Encoder.o
 .debug_aranges
                0x0000000000000028       0x28 ./Core/Src/PID.o
 .debug_aranges
                0x0000000000000050       0x20 ./Core/Src/fonts.o
 .debug_aranges
                0x0000000000000070       0x98 ./Core/Src/main.o
 .debug_aranges
                0x0000000000000108       0xf8 ./Core/Src/ssd1306.o
 .debug_aranges
                0x0000000000000200       0x58 ./Core/Src/stm32f1xx_hal_msp.o
 .debug_aranges
                0x0000000000000258       0x60 ./Core/Src/stm32f1xx_it.o
 .debug_aranges
                0x00000000000002b8       0x28 ./Core/Src/system_stm32f1xx.o
 .debug_aranges
                0x00000000000002e0       0x28 ./Core/Startup/startup_stm32f103c6tx.o
 .debug_aranges
                0x0000000000000308       0xe0 ./Drivers/STM32F1xx_HAL_Driver/Src/stm32f1xx_hal.o
 .debug_aranges
                0x00000000000003e8      0x100 ./Drivers/STM32F1xx_HAL_Driver/Src/stm32f1xx_hal_cortex.o
 .debug_aranges
                0x00000000000004e8       0x58 ./Drivers/STM32F1xx_HAL_Driver/Src/stm32f1xx_hal_gpio.o
 .debug_aranges
                0x0000000000000540      0x2a0 ./Drivers/STM32F1xx_HAL_Driver/Src/stm32f1xx_hal_i2c.o
 .debug_aranges
                0x00000000000007e0       0x90 ./Drivers/STM32F1xx_HAL_Driver/Src/stm32f1xx_hal_rcc.o
 .debug_aranges
                0x0000000000000870      0x1d0 ./Drivers/STM32F1xx_HAL_Driver/Src/stm32f1xx_hal_spi.o
 .debug_aranges
                0x0000000000000a40      0x3d0 ./Drivers/STM32F1xx_HAL_Driver/Src/stm32f1xx_hal_tim.o
 .debug_aranges
                0x0000000000000e10      0x168 ./Drivers/STM32F1xx_HAL_Driver/Src/stm32f1xx_hal_tim_ex.o

.debug_ranges   0x0000000000000000      0xe98
 .debug_ranges  0x0000000000000000       0x18 ./Core/Src/Encoder.o
 .debug_ranges  0x0000000000000018       0x18 ./Core/Src/PID.o
 .debug_ranges  0x0000000000000030       0x10 ./Core/Src/fonts.o
 .debug_ranges  0x0000000000000040       0x88 ./Core/Src/main.o
 .debug_ranges  0x00000000000000c8       0xe8 ./Core/Src/ssd1306.o
 .debug_ranges  0x00000000000001b0       0x48 ./Core/Src/stm32f1xx_hal_msp.o
 .debug_ranges  0x00000000000001f8       0x50 ./Core/Src/stm32f1xx_it.o
 .debug_ranges  0x0000000000000248       0x18 ./Core/Src/system_stm32f1xx.o
 .debug_ranges  0x0000000000000260       0x20 ./Core/Startup/startup_stm32f103c6tx.o
 .debug_ranges  0x0000000000000280       0xd0 ./Drivers/STM32F1xx_HAL_Driver/Src/stm32f1xx_hal.o
 .debug_ranges  0x0000000000000350       0xf0 ./Drivers/STM32F1xx_HAL_Driver/Src/stm32f1xx_hal_cortex.o
 .debug_ranges  0x0000000000000440       0x48 ./Drivers/STM32F1xx_HAL_Driver/Src/stm32f1xx_hal_gpio.o
 .debug_ranges  0x0000000000000488      0x2b8 ./Drivers/STM32F1xx_HAL_Driver/Src/stm32f1xx_hal_i2c.o
 .debug_ranges  0x0000000000000740       0x80 ./Drivers/STM32F1xx_HAL_Driver/Src/stm32f1xx_hal_rcc.o
 .debug_ranges  0x00000000000007c0      0x1c0 ./Drivers/STM32F1xx_HAL_Driver/Src/stm32f1xx_hal_spi.o
 .debug_ranges  0x0000000000000980      0x3c0 ./Drivers/STM32F1xx_HAL_Driver/Src/stm32f1xx_hal_tim.o
 .debug_ranges  0x0000000000000d40      0x158 ./Drivers/STM32F1xx_HAL_Driver/Src/stm32f1xx_hal_tim_ex.o

.debug_macro    0x0000000000000000    0x17b5e
 .debug_macro   0x0000000000000000      0x1c0 ./Core/Src/Encoder.o
 .debug_macro   0x00000000000001c0      0xa6c ./Core/Src/Encoder.o
 .debug_macro   0x0000000000000c2c       0x22 ./Core/Src/Encoder.o
 .debug_macro   0x0000000000000c4e       0x22 ./Core/Src/Encoder.o
 .debug_macro   0x0000000000000c70       0x8e ./Core/Src/Encoder.o
 .debug_macro   0x0000000000000cfe       0x51 ./Core/Src/Encoder.o
 .debug_macro   0x0000000000000d4f      0x103 ./Core/Src/Encoder.o
 .debug_macro   0x0000000000000e52       0x6a ./Core/Src/Encoder.o
 .debug_macro   0x0000000000000ebc      0x1df ./Core/Src/Encoder.o
 .debug_macro   0x000000000000109b       0x1c ./Core/Src/Encoder.o
 .debug_macro   0x00000000000010b7       0x22 ./Core/Src/Encoder.o
 .debug_macro   0x00000000000010d9       0xbd ./Core/Src/Encoder.o
 .debug_macro   0x0000000000001196      0xd23 ./Core/Src/Encoder.o
 .debug_macro   0x0000000000001eb9     0xde75 ./Core/Src/Encoder.o
 .debug_macro   0x000000000000fd2e      0x221 ./Core/Src/Encoder.o
 .debug_macro   0x000000000000ff4f       0x2e ./Core/Src/Encoder.o
 .debug_macro   0x000000000000ff7d       0x6d ./Core/Src/Encoder.o
 .debug_macro   0x000000000000ffea     0x3468 ./Core/Src/Encoder.o
 .debug_macro   0x0000000000013452      0x174 ./Core/Src/Encoder.o
 .debug_macro   0x00000000000135c6       0x5c ./Core/Src/Encoder.o
 .debug_macro   0x0000000000013622      0x5be ./Core/Src/Encoder.o
 .debug_macro   0x0000000000013be0      0x1b7 ./Core/Src/Encoder.o
 .debug_macro   0x0000000000013d97      0x1cb ./Core/Src/Encoder.o
 .debug_macro   0x0000000000013f62      0x114 ./Core/Src/Encoder.o
 .debug_macro   0x0000000000014076      0x1b2 ./Core/Src/Encoder.o
 .debug_macro   0x0000000000014228       0x27 ./Core/Src/Encoder.o
 .debug_macro   0x000000000001424f      0x12f ./Core/Src/Encoder.o
 .debug_macro   0x000000000001437e      0x1bc ./Core/Src/Encoder.o
 .debug_macro   0x000000000001453a       0x34 ./Core/Src/Encoder.o
 .debug_macro   0x000000000001456e       0x3c ./Core/Src/Encoder.o
 .debug_macro   0x00000000000145aa       0x57 ./Core/Src/Encoder.o
 .debug_macro   0x0000000000014601       0x88 ./Core/Src/Encoder.o
 .debug_macro   0x0000000000014689      0x183 ./Core/Src/Encoder.o
 .debug_macro   0x000000000001480c      0x287 ./Core/Src/Encoder.o
 .debug_macro   0x0000000000014a93      0x141 ./Core/Src/Encoder.o
 .debug_macro   0x0000000000014bd4      0x217 ./Core/Src/Encoder.o
 .debug_macro   0x0000000000014deb      0x8d1 ./Core/Src/Encoder.o
 .debug_macro   0x00000000000156bc       0x69 ./Core/Src/Encoder.o
 .debug_macro   0x0000000000015725       0x1b ./Core/Src/PID.o
 .debug_macro   0x0000000000015740      0x284 ./Core/Src/fonts.o
 .debug_macro   0x00000000000159c4       0x52 ./Core/Src/fonts.o
 .debug_macro   0x0000000000015a16       0x18 ./Core/Src/fonts.o
 .debug_macro   0x0000000000015a2e       0x3c ./Core/Src/fonts.o
 .debug_macro   0x0000000000015a6a       0x34 ./Core/Src/fonts.o
 .debug_macro   0x0000000000015a9e       0x16 ./Core/Src/fonts.o
 .debug_macro   0x0000000000015ab4       0x43 ./Core/Src/fonts.o
 .debug_macro   0x0000000000015af7       0x34 ./Core/Src/fonts.o
 .debug_macro   0x0000000000015b2b       0x10 ./Core/Src/fonts.o
 .debug_macro   0x0000000000015b3b       0x58 ./Core/Src/fonts.o
 .debug_macro   0x0000000000015b93       0x71 ./Core/Src/fonts.o
 .debug_macro   0x0000000000015c04       0x1c ./Core/Src/fonts.o
 .debug_macro   0x0000000000015c20      0x12a ./Core/Src/fonts.o
 .debug_macro   0x0000000000015d4a      0x341 ./Core/Src/fonts.o
 .debug_macro   0x000000000001608b       0x10 ./Core/Src/fonts.o
 .debug_macro   0x000000000001609b       0x35 ./Core/Src/fonts.o
 .debug_macro   0x00000000000160d0       0x20 ./Core/Src/fonts.o
 .debug_macro   0x00000000000160f0      0x300 ./Core/Src/main.o
 .debug_macro   0x00000000000163f0       0x34 ./Core/Src/main.o
 .debug_macro   0x0000000000016424       0x16 ./Core/Src/main.o
 .debug_macro   0x000000000001643a       0x16 ./Core/Src/main.o
 .debug_macro   0x0000000000016450       0x29 ./Core/Src/main.o
 .debug_macro   0x0000000000016479       0x1d ./Core/Src/main.o
 .debug_macro   0x0000000000016496      0x30f ./Core/Src/ssd1306.o
 .debug_macro   0x00000000000167a5      0x1d9 ./Core/Src/stm32f1xx_hal_msp.o
 .debug_macro   0x000000000001697e      0x1e3 ./Core/Src/stm32f1xx_it.o
 .debug_macro   0x0000000000016b61      0x1ac ./Core/Src/system_stm32f1xx.o
 .debug_macro   0x0000000000016d0d      0x1d0 ./Drivers/STM32F1xx_HAL_Driver/Src/stm32f1xx_hal.o
 .debug_macro   0x0000000000016edd      0x1ac ./Drivers/STM32F1xx_HAL_Driver/Src/stm32f1xx_hal_cortex.o
 .debug_macro   0x0000000000017089      0x217 ./Drivers/STM32F1xx_HAL_Driver/Src/stm32f1xx_hal_gpio.o
 .debug_macro   0x00000000000172a0      0x1f3 ./Drivers/STM32F1xx_HAL_Driver/Src/stm32f1xx_hal_i2c.o
 .debug_macro   0x0000000000017493      0x1be ./Drivers/STM32F1xx_HAL_Driver/Src/stm32f1xx_hal_rcc.o
 .debug_macro   0x0000000000017651      0x1b4 ./Drivers/STM32F1xx_HAL_Driver/Src/stm32f1xx_hal_spi.o
 .debug_macro   0x0000000000017805      0x1ad ./Drivers/STM32F1xx_HAL_Driver/Src/stm32f1xx_hal_tim.o
 .debug_macro   0x00000000000179b2      0x1ac ./Drivers/STM32F1xx_HAL_Driver/Src/stm32f1xx_hal_tim_ex.o

.debug_line     0x0000000000000000    0x10d6d
 .debug_line    0x0000000000000000      0x6f9 ./Core/Src/Encoder.o
 .debug_line    0x00000000000006f9      0x12c ./Core/Src/PID.o
 .debug_line    0x0000000000000825      0x7eb ./Core/Src/fonts.o
 .debug_line    0x0000000000001010      0xb30 ./Core/Src/main.o
 .debug_line    0x0000000000001b40      0xfbf ./Core/Src/ssd1306.o
 .debug_line    0x0000000000002aff      0x7a0 ./Core/Src/stm32f1xx_hal_msp.o
 .debug_line    0x000000000000329f      0x760 ./Core/Src/stm32f1xx_it.o
 .debug_line    0x00000000000039ff      0x706 ./Core/Src/system_stm32f1xx.o
 .debug_line    0x0000000000004105       0x87 ./Core/Startup/startup_stm32f103c6tx.o
 .debug_line    0x000000000000418c      0x933 ./Drivers/STM32F1xx_HAL_Driver/Src/stm32f1xx_hal.o
 .debug_line    0x0000000000004abf      0xb1b ./Drivers/STM32F1xx_HAL_Driver/Src/stm32f1xx_hal_cortex.o
 .debug_line    0x00000000000055da      0x9b5 ./Drivers/STM32F1xx_HAL_Driver/Src/stm32f1xx_hal_gpio.o
 .debug_line    0x0000000000005f8f     0x3a1d ./Drivers/STM32F1xx_HAL_Driver/Src/stm32f1xx_hal_i2c.o
 .debug_line    0x00000000000099ac      0xd41 ./Drivers/STM32F1xx_HAL_Driver/Src/stm32f1xx_hal_rcc.o
 .debug_line    0x000000000000a6ed     0x1bb8 ./Drivers/STM32F1xx_HAL_Driver/Src/stm32f1xx_hal_spi.o
 .debug_line    0x000000000000c2a5     0x329f ./Drivers/STM32F1xx_HAL_Driver/Src/stm32f1xx_hal_tim.o
 .debug_line    0x000000000000f544     0x1829 ./Drivers/STM32F1xx_HAL_Driver/Src/stm32f1xx_hal_tim_ex.o

.debug_str      0x0000000000000000    0x89422
 .debug_str     0x0000000000000000    0x81daa ./Core/Src/Encoder.o
                                      0x820ef (size before relaxing)
 .debug_str     0x0000000000081daa       0xde ./Core/Src/PID.o
                                       0x2d8b (size before relaxing)
 .debug_str     0x0000000000081e88     0x2eca ./Core/Src/fonts.o
                                      0x84eee (size before relaxing)
 .debug_str     0x0000000000084d52      0xfc0 ./Core/Src/main.o
                                      0x860b0 (size before relaxing)
 .debug_str     0x0000000000085d12      0x4d9 ./Core/Src/ssd1306.o
                                      0x859bb (size before relaxing)
 .debug_str     0x00000000000861eb       0xf3 ./Core/Src/stm32f1xx_hal_msp.o
                                      0x82b9f (size before relaxing)
 .debug_str     0x00000000000862de       0xc9 ./Core/Src/stm32f1xx_it.o
                                      0x82195 (size before relaxing)
 .debug_str     0x00000000000863a7       0x7e ./Core/Src/system_stm32f1xx.o
                                      0x820ca (size before relaxing)
 .debug_str     0x0000000000086425       0x36 ./Core/Startup/startup_stm32f103c6tx.o
                                         0x9e (size before relaxing)
 .debug_str     0x000000000008645b      0x5cd ./Drivers/STM32F1xx_HAL_Driver/Src/stm32f1xx_hal.o
                                      0x827c3 (size before relaxing)
 .debug_str     0x0000000000086a28      0x2bb ./Drivers/STM32F1xx_HAL_Driver/Src/stm32f1xx_hal_cortex.o
                                      0x8270f (size before relaxing)
 .debug_str     0x0000000000086ce3      0x2cf ./Drivers/STM32F1xx_HAL_Driver/Src/stm32f1xx_hal_gpio.o
                                      0x82450 (size before relaxing)
 .debug_str     0x0000000000086fb2      0xb4e ./Drivers/STM32F1xx_HAL_Driver/Src/stm32f1xx_hal_i2c.o
                                      0x8313e (size before relaxing)
 .debug_str     0x0000000000087b00      0x209 ./Drivers/STM32F1xx_HAL_Driver/Src/stm32f1xx_hal_rcc.o
                                      0x824f9 (size before relaxing)
 .debug_str     0x0000000000087d09      0x52f ./Drivers/STM32F1xx_HAL_Driver/Src/stm32f1xx_hal_spi.o
                                      0x829f6 (size before relaxing)
 .debug_str     0x0000000000088238      0xd57 ./Drivers/STM32F1xx_HAL_Driver/Src/stm32f1xx_hal_tim.o
                                      0x834e4 (size before relaxing)
 .debug_str     0x0000000000088f8f      0x493 ./Drivers/STM32F1xx_HAL_Driver/Src/stm32f1xx_hal_tim_ex.o
                                      0x82d00 (size before relaxing)

.comment        0x0000000000000000       0x50
 .comment       0x0000000000000000       0x50 ./Core/Src/Encoder.o
                                         0x51 (size before relaxing)
 .comment       0x0000000000000050       0x51 ./Core/Src/PID.o
 .comment       0x0000000000000050       0x51 ./Core/Src/fonts.o
 .comment       0x0000000000000050       0x51 ./Core/Src/main.o
 .comment       0x0000000000000050       0x51 ./Core/Src/ssd1306.o
 .comment       0x0000000000000050       0x51 ./Core/Src/stm32f1xx_hal_msp.o
 .comment       0x0000000000000050       0x51 ./Core/Src/stm32f1xx_it.o
 .comment       0x0000000000000050       0x51 ./Core/Src/system_stm32f1xx.o
 .comment       0x0000000000000050       0x51 ./Drivers/STM32F1xx_HAL_Driver/Src/stm32f1xx_hal.o
 .comment       0x0000000000000050       0x51 ./Drivers/STM32F1xx_HAL_Driver/Src/stm32f1xx_hal_cortex.o
 .comment       0x0000000000000050       0x51 ./Drivers/STM32F1xx_HAL_Driver/Src/stm32f1xx_hal_gpio.o
 .comment       0x0000000000000050       0x51 ./Drivers/STM32F1xx_HAL_Driver/Src/stm32f1xx_hal_i2c.o
 .comment       0x0000000000000050       0x51 ./Drivers/STM32F1xx_HAL_Driver/Src/stm32f1xx_hal_rcc.o
 .comment       0x0000000000000050       0x51 ./Drivers/STM32F1xx_HAL_Driver/Src/stm32f1xx_hal_spi.o
 .comment       0x0000000000000050       0x51 ./Drivers/STM32F1xx_HAL_Driver/Src/stm32f1xx_hal_tim.o
 .comment       0x0000000000000050       0x51 ./Drivers/STM32F1xx_HAL_Driver/Src/stm32f1xx_hal_tim_ex.o

.debug_frame    0x0000000000000000     0x4154
 .debug_frame   0x0000000000000000       0x58 ./Core/Src/Encoder.o
 .debug_frame   0x0000000000000058       0x60 ./Core/Src/PID.o
 .debug_frame   0x00000000000000b8       0x38 ./Core/Src/fonts.o
 .debug_frame   0x00000000000000f0      0x238 ./Core/Src/main.o
 .debug_frame   0x0000000000000328      0x414 ./Core/Src/ssd1306.o
 .debug_frame   0x000000000000073c      0x13c ./Core/Src/stm32f1xx_hal_msp.o
 .debug_frame   0x0000000000000878      0x104 ./Core/Src/stm32f1xx_it.o
 .debug_frame   0x000000000000097c       0x58 ./Core/Src/system_stm32f1xx.o
 .debug_frame   0x00000000000009d4      0x334 ./Drivers/STM32F1xx_HAL_Driver/Src/stm32f1xx_hal.o
 .debug_frame   0x0000000000000d08      0x428 ./Drivers/STM32F1xx_HAL_Driver/Src/stm32f1xx_hal_cortex.o
 .debug_frame   0x0000000000001130      0x14c ./Drivers/STM32F1xx_HAL_Driver/Src/stm32f1xx_hal_gpio.o
 .debug_frame   0x000000000000127c      0xc5c ./Drivers/STM32F1xx_HAL_Driver/Src/stm32f1xx_hal_i2c.o
 .debug_frame   0x0000000000001ed8      0x21c ./Drivers/STM32F1xx_HAL_Driver/Src/stm32f1xx_hal_rcc.o
 .debug_frame   0x00000000000020f4      0x824 ./Drivers/STM32F1xx_HAL_Driver/Src/stm32f1xx_hal_spi.o
 .debug_frame   0x0000000000002918     0x11b8 ./Drivers/STM32F1xx_HAL_Driver/Src/stm32f1xx_hal_tim.o
 .debug_frame   0x0000000000003ad0      0x638 ./Drivers/STM32F1xx_HAL_Driver/Src/stm32f1xx_hal_tim_ex.o
 .debug_frame   0x0000000000004108       0x2c c:/st/stm32cubeide_1.10.1/stm32cubeide/plugins/com.st.stm32cube.ide.mcu.externaltools.gnu-tools-for-stm32.10.3-2021.10.win32_1.0.0.202111181127/tools/bin/../lib/gcc/arm-none-eabi/10.3.1/../../../../arm-none-eabi/lib/thumb/v7-m/nofp\libc_nano.a(lib_a-init.o)
 .debug_frame   0x0000000000004134       0x20 c:/st/stm32cubeide_1.10.1/stm32cubeide/plugins/com.st.stm32cube.ide.mcu.externaltools.gnu-tools-for-stm32.10.3-2021.10.win32_1.0.0.202111181127/tools/bin/../lib/gcc/arm-none-eabi/10.3.1/../../../../arm-none-eabi/lib/thumb/v7-m/nofp\libc_nano.a(lib_a-memset.o)
