../Core/Src/main.c:75:5:main	88	static
../Core/Src/main.c:148:6:SystemClock_Config	72	static
../Core/Src/main.c:188:13:MX_I2C1_Init	8	static
../Core/Src/main.c:222:13:MX_SPI1_Init	8	static
../Core/Src/main.c:260:13:MX_TIM2_Init	64	static
../Core/Src/main.c:319:13:MX_GPIO_Init	40	static
../Core/Src/main.c:353:6:menuScreen_static	8	static
../Core/Src/main.c:363:13:menuScreen_dynamic	24	static
../Core/Src/main.c:395:6:reflowScreen_static	4	static
../Core/Src/main.c:399:13:reflowScreen_dynamic	16	static
../Core/Src/main.c:403:6:profileScreen_static	16	static
../Core/Src/main.c:407:13:profileScreen_dynamic	16	static
../Core/Src/main.c:411:6:pidScreen_static	16	static
../Core/Src/main.c:415:13:pidScreen_dynamic	16	static
../Core/Src/main.c:425:6:Error_Handler	4	static,ignoring_inline_asm
