../Core/Src/main.c:75:5:main	96	static
../Core/Src/main.c:149:6:SystemClock_Config	72	static
../Core/Src/main.c:189:13:MX_I2C1_Init	8	static
../Core/Src/main.c:223:13:MX_SPI1_Init	8	static
../Core/Src/main.c:261:13:MX_TIM2_Init	64	static
../Core/Src/main.c:320:13:MX_GPIO_Init	40	static
../Core/Src/main.c:354:6:menuScreen_static	8	static
../Core/Src/main.c:364:13:menuScreen_dynamic	24	static
../Core/Src/main.c:396:6:reflowScreen_static	8	static
../Core/Src/main.c:400:13:reflowScreen_dynamic	24	static
../Core/Src/main.c:413:6:profileScreen_static	40	static
../Core/Src/main.c:427:13:profileScreen_dynamic	40	static
../Core/Src/main.c:461:6:pidScreen_static	16	static
../Core/Src/main.c:465:13:pidScreen_dynamic	16	static
../Core/Src/main.c:469:13:finishScreen_dynamic	16	static
../Core/Src/main.c:479:6:Error_Handler	4	static,ignoring_inline_asm
